<form action="" method="POST" class="form-horizontal"><label><span>Label name</span><input name="input-text" placeholder="Type something..." type="text" value=""></label></form>